 gcc -g p1final.c
 gdb a.out
GNU gdb (Ubuntu 8.1.1-0ubuntu1) 8.1.1
Copyright (C) 2018 Free Software Foundation, Inc.
License GPLv3+: GNU GPL version 3 or later <http://gnu.org/licenses/gpl.html>
This is free software: you are free to change and redistribute it.
There is NO WARRANTY, to the extent permitted by law.  Type "show copying"
and "show warranty" for details.
This GDB was configured as "x86_64-linux-gnu".
Type "show configuration" for configuration details.
For bug reporting instructions, please see:
<http://www.gnu.org/software/gdb/bugs/>.
Find the GDB manual and other documentation resources online at:
<http://www.gnu.org/software/gdb/documentation/>.
For help, type "help".
Type "apropos word" to search for commands related to "word"...
Reading symbols from a.out...done.
(gdb) b main
Breakpoint 1 at 0x842: file p1final.c, line 19.
(gdb) r
Starting program: /home/runner/IA2-Test1-Session2/a.out 
warning: Error disabling address space randomization: Operation not permitted

Breakpoint 1, main () at p1final.c:19
19  {
(gdb) n
21    input(&a,&b);
(gdb) s
input (base=0x7fffdbba4a7c, height=0x7fffdbba4a80) at p1final.c:4
4     printf("enter the value of base\n");
(gdb) n
enter the value of base
5     scanf("%f",base);
(gdb) n
5
6     printf("enter the value of height\n");
(gdb) n
enter the value of height
7     scanf("%f",height);
(gdb) n
6
8   }
(gdb) n
main () at p1final.c:22
22    find_area(a,b,&c);
(gdb) s
find_area (base=5, height=6, area=0x7fffdbba4a84) at p1final.c:11
11    *area = 0.5 * base * height ;
(gdb) n
12  }
(gdb) n
main () at p1final.c:23
23    output(a,b,c);
(gdb) s
output (base=5, height=6, area=15) at p1final.c:15
15    printf("the area of triangle with base %f and height %f is %f\n",base,height,area);
(gdb) n
the area of triangle with base 5.000000 and height 6.000000 is 15.000000
16  }
(gdb) n
main () at p1final.c:24
24    return 0;
(gdb) n
25  }(gdb) q
A debugging session is active.

    Inferior 1 [process 36] will be killed.

Quit anyway? (y or n) y